%!Adobe-FontList 1.22
%Locale:0x419

%BeginFont
Handler:DirectoryHandler
FontType:TrueType
FontName:Gabriola
FamilyName:Gabriola
StyleName:Regular
FullName:Gabriola
MenuName:Gabriola
StyleBits:0
WritingScript:Roman
OutlineFileName:C:\Users\asp1r\Documents\asp1rant3\GitHub Repositories\BasicsOfAlgorithmizationAndProgramming\Labs\Adobe InDesign\Labs\Lab01\card\Document fonts\Gabriola.ttf
DataFormat:sfntData
hasSVG:no
VariableFontType:NonVariableFont
FileLength:1806004
FileModTime:1575709717
WeightClass:400
WidthClass:5
AngleClass:0
NameArray:0,Mac,4,Gabriola
NameArray:0,Win,1,Gabriola
%EndFont

%BeginFont
Handler:DirectoryHandler
FontType:Type1
FontName:MinionPro-Regular
FamilyName:Minion Pro
StyleName:Regular
FullName:Minion Pro
MenuName:Minion Pro
StyleBits:0
WritingScript:Roman
OutlineFileName:C:\Users\asp1r\Documents\asp1rant3\GitHub Repositories\BasicsOfAlgorithmizationAndProgramming\Labs\Adobe InDesign\Labs\Lab01\card\Document fonts\MinionPro-Regular.otf
DataFormat:sfntData
UsesStandardEncoding:yes
isCFF:yes
hasSVG:no
VariableFontType:NonVariableFont
FileLength:218640
FileModTime:1645309975
WeightClass:400
WidthClass:5
AngleClass:0
DesignSize:110
NameArray:0,Mac,4,Minion Pro
NameArray:0,Win,1,Minion Pro
%EndFont

%BeginFont
Handler:DirectoryHandler
FontType:TrueType
FontName:SegoeUIEmoji
FamilyName:Segoe UI Emoji
StyleName:Regular
FullName:Segoe UI Emoji
MenuName:Segoe UI Emoji
StyleBits:0
WritingScript:Emoji
OutlineFileName:C:\Users\asp1r\Documents\asp1rant3\GitHub Repositories\BasicsOfAlgorithmizationAndProgramming\Labs\Adobe InDesign\Labs\Lab01\card\Document fonts\seguiemj.ttf
DataFormat:sfntData
hasSVG:no
VariableFontType:NonVariableFont
FileLength:2072388
FileModTime:1575709707
WeightClass:400
WidthClass:5
AngleClass:0
NameArray:0,Mac,4,Segoe UI Emoji
NameArray:0,Win,1,Segoe UI Emoji
%EndFont

%BeginFont
Handler:DirectoryHandler
FontType:TrueType
FontName:Cambria
FamilyName:Cambria
StyleName:Regular
FullName:Cambria
MenuName:Cambria
StyleBits:0
WritingScript:Roman
OutlineFileName:C:\Users\asp1r\Documents\asp1rant3\GitHub Repositories\BasicsOfAlgorithmizationAndProgramming\Labs\Adobe InDesign\Labs\Lab01\card\Document fonts\cambria.ttc
TTCOffset:32
DataFormat:sfntData
hasSVG:no
VariableFontType:NonVariableFont
FileLength:1792664
FileModTime:1575709706
WeightClass:400
WidthClass:5
AngleClass:0
NameArray:0,Mac,4,Cambria
NameArray:0,Win,1,Cambria
%EndFont

%BeginFont
Handler:DirectoryHandler
FontType:TrueType
FontName:CambriaMath
FamilyName:Cambria Math
StyleName:Regular
FullName:Cambria Math
MenuName:Cambria Math
StyleBits:0
WritingScript:Roman
OutlineFileName:C:\Users\asp1r\Documents\asp1rant3\GitHub Repositories\BasicsOfAlgorithmizationAndProgramming\Labs\Adobe InDesign\Labs\Lab01\card\Document fonts\cambria.ttc
TTCOffset:380
DataFormat:sfntData
hasSVG:no
VariableFontType:NonVariableFont
FileLength:1792664
FileModTime:1575709706
WeightClass:400
WidthClass:5
AngleClass:0
NameArray:0,Mac,4,Cambria Math
NameArray:0,Win,1,Cambria Math
%EndFont

